src/application/services/__tests__/ClientService.test.ts(44,26): error TS2345: Argument of type '{ id: string; name: string; phone: string; createdAt: string; updatedAt: string; isDeleted: boolean; }' is not assignable to parameter of type 'Client'.
  Property 'isNew' is missing in type '{ id: string; name: string; phone: string; createdAt: string; updatedAt: string; isDeleted: boolean; }' but required in type 'Client'.
src/application/services/__tests__/ClientService.test.ts(87,26): error TS2345: Argument of type '{ id: string; name: string; phone: string; createdAt: string; updatedAt: string; isDeleted: boolean; }' is not assignable to parameter of type 'Client'.
  Property 'isNew' is missing in type '{ id: string; name: string; phone: string; createdAt: string; updatedAt: string; isDeleted: boolean; }' but required in type 'Client'.
src/presentation/components/ClientSelector.tsx(54,11): error TS2741: Property 'isNew' is missing in type '{ id: string; name: string; phone: string; createdAt: string; updatedAt: string; isDeleted: false; }' but required in type 'Client'.
